E&l2a0o7c067F(s0p16.66h3b6T&a00L
PREC REPORT-GROUP DETAIL                           Stonewall County, Texas                                 Report EL30A Page 0001-01
                                                   Primary Election
                                                   March 4, 2014
Run Date:03/13/14 07:59 AM                         STATISTICS

0001 PRECINCT #1
                                        TOTAL VOTES     %    EARLY VOTES  ELECTION DAY

 REGISTERED VOTERS - TOTAL .  .  .  .  .  .       0
 BALLOTS CAST - TOTAL.  .  .  .  .  .  .  .     131                    59            72
 BALLOTS CAST - DEMOCRATIC PARTY .  .  .  .      77    58.78           34            43
 BALLOTS CAST - REPUBLICAN PARTY .  .  .  .      54    41.22           25            29PREC REPORT-GROUP DETAIL                           Stonewall County, Texas                                 Report EL30A Page 0001-02
                                                   Primary Election
                                                   March 4, 2014
Run Date:03/13/14 07:59 AM                         DEMOCRATIC PARTY

0001 PRECINCT #1
                                        TOTAL VOTES     %    EARLY VOTES  ELECTION DAY

United States Senator
VOTE FOR  1
 Kesha Rogers  .  .  .  .  .  .  .  .  .  .       9    26.47            4             5
 Michael "Fjet" Fjetland.  .  .  .  .  .  .       7    20.59            4             3
 Maxey Marie Scherr  .  .  .  .  .  .  .  .       6    17.65            0             6
 David M. Alameel .  .  .  .  .  .  .  .  .      10    29.41            7             3
 Harry Kim  .  .  .  .  .  .  .  .  .  .  .       2     5.88            1             1


United States Representative, Dist 19
VOTE FOR  1
 Neal Marchbanks  .  .  .  .  .  .  .  .  .      27   100.00           14            13


Governor
VOTE FOR  1
 Reynaldo "Ray" Madrigal.  .  .  .  .  .  .       7    16.67            1             6
 Wendy R. Davis.  .  .  .  .  .  .  .  .  .      35    83.33           17            18


Lieutenant Governor
VOTE FOR  1
 Leticia Van de Putte.  .  .  .  .  .  .  .      28   100.00           14            14


Attorney General
VOTE FOR  1
 Sam Houston.  .  .  .  .  .  .  .  .  .  .      31   100.00           16            15


Comptroller of Public Accounts
VOTE FOR  1
 Mike Collier  .  .  .  .  .  .  .  .  .  .      29   100.00           14            15


Commissioner of the General Land Office
VOTE FOR  1
 John Cook  .  .  .  .  .  .  .  .  .  .  .      31   100.00           15            16


Commissioner of Agriculture
VOTE FOR  1
 Jim Hogan  .  .  .  .  .  .  .  .  .  .  .      25    64.10           13            12
 Richard "Kinky" Friedman  .  .  .  .  .  .      13    33.33            4             9
 Hugh Asa Fitzsimons III.  .  .  .  .  .  .       1     2.56            0             1


Railroad Commissioner
VOTE FOR  1
 Dale Henry .  .  .  .  .  .  .  .  .  .  .      15    38.46            3            12
 Steve Brown.  .  .  .  .  .  .  .  .  .  .      24    61.54           14            10PREC REPORT-GROUP DETAIL                           Stonewall County, Texas                                 Report EL30A Page 0001-03
                                                   Primary Election
                                                   March 4, 2014
Run Date:03/13/14 07:59 AM                         DEMOCRATIC PARTY

0001 PRECINCT #1
                                        TOTAL VOTES     %    EARLY VOTES  ELECTION DAY

Chief Justice, Supreme Court
VOTE FOR  1
 William Moody .  .  .  .  .  .  .  .  .  .      27   100.00           14            13


Justice, Supreme Court, Place 6
VOTE FOR  1
 Lawrence Edward Meyers .  .  .  .  .  .  .      28   100.00           14            14


Justice, Supreme Court, Place 7
VOTE FOR  1
 Gina Benavides.  .  .  .  .  .  .  .  .  .      25   100.00           11            14


Judge, Court of Criminal Appeals, Pl 3
VOTE FOR  1
 John Granberg .  .  .  .  .  .  .  .  .  .      29   100.00           14            15


District Judge, 39th Judicial District
VOTE FOR  1
 Shane Hadaway .  .  .  .  .  .  .  .  .  .      46   100.00           21            25


County Judge
VOTE FOR  1
 Ronnie Moorhead  .  .  .  .  .  .  .  .  .      57   100.00           23            34


District and County Clerk
VOTE FOR  1
 Holly McLaury .  .  .  .  .  .  .  .  .  .      36    46.75           16            20
 Melissa Worthington .  .  .  .  .  .  .  .      41    53.25           18            23


County Treasurer
VOTE FOR  1
 Anya Mullen.  .  .  .  .  .  .  .  .  .  .      63   100.00           27            36


Justice of the Peace
VOTE FOR  1
 Michael Duff English.  .  .  .  .  .  .  .      54   100.00           25            29


County Chairman
VOTE FOR  1
 Patti Walker  .  .  .  .  .  .  .  .  .  .      57   100.00           26            31PREC REPORT-GROUP DETAIL                           Stonewall County, Texas                                 Report EL30A Page 0001-04
                                                   Primary Election
                                                   March 4, 2014
Run Date:03/13/14 07:59 AM                         REPUBLICAN PARTY

0001 PRECINCT #1
                                        TOTAL VOTES     %    EARLY VOTES  ELECTION DAY

United States Senator
VOTE FOR  1
 John Cornyn.  .  .  .  .  .  .  .  .  .  .      31    63.27           15            16
 Ken Cope.  .  .  .  .  .  .  .  .  .  .  .       6    12.24            2             4
 Dwayne Stovall.  .  .  .  .  .  .  .  .  .       7    14.29            4             3
 Chris Mapp .  .  .  .  .  .  .  .  .  .  .       0                     0             0
 Curt Cleaver  .  .  .  .  .  .  .  .  .  .       0                     0             0
 Reid Reasor.  .  .  .  .  .  .  .  .  .  .       0                     0             0
 Steve Stockman.  .  .  .  .  .  .  .  .  .       4     8.16            0             4
 Linda Vega .  .  .  .  .  .  .  .  .  .  .       1     2.04            1             0


United States Representative, Dist 19
VOTE FOR  1
 Randy Neugebauer .  .  .  .  .  .  .  .  .      36    66.67           18            18
 Donald R. May .  .  .  .  .  .  .  .  .  .      14    25.93            5             9
 Chris Winn .  .  .  .  .  .  .  .  .  .  .       4     7.41            2             2


Governor
VOTE FOR  1
 SECEDE Kilgore.  .  .  .  .  .  .  .  .  .       4     7.41            3             1
 Miriam Martinez  .  .  .  .  .  .  .  .  .       0                     0             0
 Lisa Fritsch  .  .  .  .  .  .  .  .  .  .       0                     0             0
 Greg Abbott.  .  .  .  .  .  .  .  .  .  .      50    92.59           22            28


Lieutenant Governor
VOTE FOR  1
 Todd Staples  .  .  .  .  .  .  .  .  .  .       7    13.46            5             2
 Jerry Patterson  .  .  .  .  .  .  .  .  .      11    21.15            2             9
 Dan Patrick.  .  .  .  .  .  .  .  .  .  .      20    38.46            7            13
 David Dewhurst.  .  .  .  .  .  .  .  .  .      14    26.92           10             4


Attorney General
VOTE FOR  1
 Barry Smitherman .  .  .  .  .  .  .  .  .       9    18.00            4             5
 Ken Paxton .  .  .  .  .  .  .  .  .  .  .      26    52.00            9            17
 Dan Branch .  .  .  .  .  .  .  .  .  .  .      15    30.00            9             6


Comptroller of Public Accounts
VOTE FOR  1
 Raul Torres.  .  .  .  .  .  .  .  .  .  .       2     4.26            1             1
 Harvey Hilderbran.  .  .  .  .  .  .  .  .      16    34.04            7             9
 Glenn Hegar.  .  .  .  .  .  .  .  .  .  .      20    42.55            9            11
 Debra Medina  .  .  .  .  .  .  .  .  .  .       9    19.15            5             4


Commissioner of the General Land Office
VOTE FOR  1
 David Watts.  .  .  .  .  .  .  .  .  .  .      24    48.98           12            12
 George P. Bush.  .  .  .  .  .  .  .  .  .      25    51.02           10            15PREC REPORT-GROUP DETAIL                           Stonewall County, Texas                                 Report EL30A Page 0001-05
                                                   Primary Election
                                                   March 4, 2014
Run Date:03/13/14 07:59 AM                         REPUBLICAN PARTY

0001 PRECINCT #1
                                        TOTAL VOTES     %    EARLY VOTES  ELECTION DAY

Commissioner of Agriculture
VOTE FOR  1
 Sid Miller .  .  .  .  .  .  .  .  .  .  .      24    52.17           12            12
 Tommy Merritt .  .  .  .  .  .  .  .  .  .      14    30.43            5             9
 J. Allen Carnes  .  .  .  .  .  .  .  .  .       2     4.35            1             1
 Eric Opiela.  .  .  .  .  .  .  .  .  .  .       2     4.35            0             2
 Joe Cotten .  .  .  .  .  .  .  .  .  .  .       4     8.70            2             2


Railroad Commissioner
VOTE FOR  1
 Wayne Christian  .  .  .  .  .  .  .  .  .      24    57.14           13            11
 Malachi Boyuls.  .  .  .  .  .  .  .  .  .       4     9.52            0             4
 Ryan Sitton.  .  .  .  .  .  .  .  .  .  .       8    19.05            6             2
 Becky Berger  .  .  .  .  .  .  .  .  .  .       6    14.29            2             4


Chief Justice, Supreme Court
VOTE FOR  1
 Robert Talton .  .  .  .  .  .  .  .  .  .      11    25.00            7             4
 Nathan Hecht  .  .  .  .  .  .  .  .  .  .      33    75.00           14            19


Justice, Supreme Court, Place 6
VOTE FOR  1
 Jeff Brown .  .  .  .  .  .  .  .  .  .  .      31    72.09           14            17
 Joe Pool.  .  .  .  .  .  .  .  .  .  .  .      12    27.91            7             5


Justice, Supreme Court, Place 7
VOTE FOR  1
 Jeff Boyd  .  .  .  .  .  .  .  .  .  .  .      36   100.00           19            17


Justice, Supreme Court, Place 8
VOTE FOR  1
 Phil Johnson  .  .  .  .  .  .  .  .  .  .      36    85.71           15            21
 Sharon McCally.  .  .  .  .  .  .  .  .  .       6    14.29            5             1


Judge, Court of Criminal Appeals, Pl 3
VOTE FOR  1
 Barbara Walther  .  .  .  .  .  .  .  .  .      12    29.27            5             7
 Bert Richardson  .  .  .  .  .  .  .  .  .      29    70.73           15            14


Judge, Court of Criminal Appeals, Pl 4
VOTE FOR  1
 Richard Dean Davis  .  .  .  .  .  .  .  .      17    41.46            8             9
 Kevin Patrick Yeary .  .  .  .  .  .  .  .      20    48.78           12             8
 Jani Jo Wood  .  .  .  .  .  .  .  .  .  .       4     9.76            0             4PREC REPORT-GROUP DETAIL                           Stonewall County, Texas                                 Report EL30A Page 0001-06
                                                   Primary Election
                                                   March 4, 2014
Run Date:03/13/14 07:59 AM                         REPUBLICAN PARTY

0001 PRECINCT #1
                                        TOTAL VOTES     %    EARLY VOTES  ELECTION DAY

Judge, Court of Criminal Appeals, Pl 9
VOTE FOR  1
 W.C. "Bud" Kirkendall  .  .  .  .  .  .  .      21    50.00           13             8
 David Newell  .  .  .  .  .  .  .  .  .  .      21    50.00            9            12


State Representative, District 68
VOTE FOR  1
 Drew Springer .  .  .  .  .  .  .  .  .  .      43   100.00           21            22


11th Court of Appeals District, Place 2
VOTE FOR  1
 Mike Wilson.  .  .  .  .  .  .  .  .  .  .      36   100.00           19            17


11th Court of Appeals District, Place 3
VOTE FOR  1
 Cade W. Browning .  .  .  .  .  .  .  .  .      23    56.10           14             9
 John Bailey.  .  .  .  .  .  .  .  .  .  .      18    43.90            6            12


County Chairman
VOTE FOR  1
 Butch Nuding  .  .  .  .  .  .  .  .  .  .      47   100.00           21            26PREC REPORT-GROUP DETAIL                           Stonewall County, Texas                                 Report EL30A Page 0001-07
                                                   Primary Election
                                                   March 4, 2014
Run Date:03/13/14 07:59 AM                         DEMOCRATIC PARTY

0001 PRECINCT #1
                                        TOTAL VOTES     %    EARLY VOTES  ELECTION DAY

ON IMMIGRATION REFORM
VOTE FOR  1
 FOR  .  .  .  .  .  .  .  .  .  .  .  .  .      34    64.15           17            17
 AGAINST .  .  .  .  .  .  .  .  .  .  .  .      19    35.85            5            14


A LIVING WAGE FOR ALL TEXANS
VOTE FOR  1
 FOR  .  .  .  .  .  .  .  .  .  .  .  .  .      24    46.15           14            10
 AGAINST .  .  .  .  .  .  .  .  .  .  .  .      28    53.85            8            20


MEDICAID EXPANSION
VOTE FOR  1
 FOR  .  .  .  .  .  .  .  .  .  .  .  .  .      24    45.28           16             8
 AGAINST .  .  .  .  .  .  .  .  .  .  .  .      29    54.72            6            23


ON NON-DISCRIMINATION LEGISLATION
VOTE FOR  1
 FOR  .  .  .  .  .  .  .  .  .  .  .  .  .      23    45.10           12            11
 AGAINST .  .  .  .  .  .  .  .  .  .  .  .      28    54.90            8            20PREC REPORT-GROUP DETAIL                           Stonewall County, Texas                                 Report EL30A Page 0001-08
                                                   Primary Election
                                                   March 4, 2014
Run Date:03/13/14 07:59 AM                         REPUBLICAN PARTY

0001 PRECINCT #1
                                        TOTAL VOTES     %    EARLY VOTES  ELECTION DAY

RELIGIOUS FREEDOM
VOTE FOR  1
 YES  .  .  .  .  .  .  .  .  .  .  .  .  .      47    95.92           22            25
 NO.  .  .  .  .  .  .  .  .  .  .  .  .  .       2     4.08            2             0


SECOND AMENDMENT
VOTE FOR  1
 YES  .  .  .  .  .  .  .  .  .  .  .  .  .      45    90.00           20            25
 NO.  .  .  .  .  .  .  .  .  .  .  .  .  .       5    10.00            4             1


FRANCHISE TAX
VOTE FOR  1
 YES  .  .  .  .  .  .  .  .  .  .  .  .  .      47    97.92           22            25
 NO.  .  .  .  .  .  .  .  .  .  .  .  .  .       1     2.08            1             0


WELFARE REFORM
VOTE FOR  1
 YES  .  .  .  .  .  .  .  .  .  .  .  .  .      49   100.00           24            25
 NO.  .  .  .  .  .  .  .  .  .  .  .  .  .       0                     0             0


NO LAWMAKERS EXCEPTIONS
VOTE FOR  1
 YES  .  .  .  .  .  .  .  .  .  .  .  .  .      50   100.00           24            26
 NO.  .  .  .  .  .  .  .  .  .  .  .  .  .       0                     0             0


OBAMACARE
VOTE FOR  1
 YES  .  .  .  .  .  .  .  .  .  .  .  .  .      48    96.00           23            25
 NO.  .  .  .  .  .  .  .  .  .  .  .  .  .       2     4.00            1             1PREC REPORT-GROUP DETAIL                           Stonewall County, Texas                                 Report EL30A Page 0002-01
                                                   Primary Election
                                                   March 4, 2014
Run Date:03/13/14 07:59 AM                         STATISTICS

0002 PRECINCT #2
                                        TOTAL VOTES     %    EARLY VOTES  ELECTION DAY

 REGISTERED VOTERS - TOTAL .  .  .  .  .  .       0
 BALLOTS CAST - TOTAL.  .  .  .  .  .  .  .      89                    26            63
 BALLOTS CAST - DEMOCRATIC PARTY .  .  .  .      89   100.00           26            63
 BALLOTS CAST - REPUBLICAN PARTY .  .  .  .       0                     0             0PREC REPORT-GROUP DETAIL                           Stonewall County, Texas                                 Report EL30A Page 0002-02
                                                   Primary Election
                                                   March 4, 2014
Run Date:03/13/14 07:59 AM                         DEMOCRATIC PARTY

0002 PRECINCT #2
                                        TOTAL VOTES     %    EARLY VOTES  ELECTION DAY

United States Senator
VOTE FOR  1
 Kesha Rogers  .  .  .  .  .  .  .  .  .  .      17    42.50            4            13
 Michael "Fjet" Fjetland.  .  .  .  .  .  .       0                     0             0
 Maxey Marie Scherr  .  .  .  .  .  .  .  .       8    20.00            2             6
 David M. Alameel .  .  .  .  .  .  .  .  .      10    25.00            3             7
 Harry Kim  .  .  .  .  .  .  .  .  .  .  .       5    12.50            1             4


United States Representative, Dist 19
VOTE FOR  1
 Neal Marchbanks  .  .  .  .  .  .  .  .  .      30   100.00            5            25


Governor
VOTE FOR  1
 Reynaldo "Ray" Madrigal.  .  .  .  .  .  .      12    24.00            2            10
 Wendy R. Davis.  .  .  .  .  .  .  .  .  .      38    76.00            8            30


Lieutenant Governor
VOTE FOR  1
 Leticia Van de Putte.  .  .  .  .  .  .  .      33   100.00            7            26


Attorney General
VOTE FOR  1
 Sam Houston.  .  .  .  .  .  .  .  .  .  .      40   100.00            9            31


Comptroller of Public Accounts
VOTE FOR  1
 Mike Collier  .  .  .  .  .  .  .  .  .  .      38   100.00            8            30


Commissioner of the General Land Office
VOTE FOR  1
 John Cook  .  .  .  .  .  .  .  .  .  .  .      38   100.00            8            30


Commissioner of Agriculture
VOTE FOR  1
 Jim Hogan  .  .  .  .  .  .  .  .  .  .  .      29    58.00            7            22
 Richard "Kinky" Friedman  .  .  .  .  .  .      20    40.00            3            17
 Hugh Asa Fitzsimons III.  .  .  .  .  .  .       1     2.00            1             0


Railroad Commissioner
VOTE FOR  1
 Dale Henry .  .  .  .  .  .  .  .  .  .  .      17    38.64            2            15
 Steve Brown.  .  .  .  .  .  .  .  .  .  .      27    61.36            9            18


Chief Justice, Supreme Court
VOTE FOR  1
 William Moody .  .  .  .  .  .  .  .  .  .      35   100.00            7            28PREC REPORT-GROUP DETAIL                           Stonewall County, Texas                                 Report EL30A Page 0002-03
                                                   Primary Election
                                                   March 4, 2014
Run Date:03/13/14 07:59 AM                         DEMOCRATIC PARTY

0002 PRECINCT #2
                                        TOTAL VOTES     %    EARLY VOTES  ELECTION DAY

Justice, Supreme Court, Place 6
VOTE FOR  1
 Lawrence Edward Meyers .  .  .  .  .  .  .      35   100.00            7            28


Justice, Supreme Court, Place 7
VOTE FOR  1
 Gina Benavides.  .  .  .  .  .  .  .  .  .      34   100.00            7            27


Judge, Court of Criminal Appeals, Pl 3
VOTE FOR  1
 John Granberg .  .  .  .  .  .  .  .  .  .      34   100.00            7            27


District Judge, 39th Judicial District
VOTE FOR  1
 Shane Hadaway .  .  .  .  .  .  .  .  .  .      63   100.00           17            46


County Judge
VOTE FOR  1
 Ronnie Moorhead  .  .  .  .  .  .  .  .  .      67   100.00           17            50


District and County Clerk
VOTE FOR  1
 Holly McLaury .  .  .  .  .  .  .  .  .  .      50    56.18           16            34
 Melissa Worthington .  .  .  .  .  .  .  .      39    43.82           10            29


County Treasurer
VOTE FOR  1
 Anya Mullen.  .  .  .  .  .  .  .  .  .  .      70   100.00           19            51


County Commissioner, Precinct No. 2
VOTE FOR  1
 Jan Harris .  .  .  .  .  .  .  .  .  .  .      75   100.00           22            53


Justice of the Peace
VOTE FOR  1
 Michael Duff English.  .  .  .  .  .  .  .      65   100.00           14            51


County Chairman
VOTE FOR  1
 Patti Walker  .  .  .  .  .  .  .  .  .  .      53   100.00            9            44


ON IMMIGRATION REFORM
VOTE FOR  1
 FOR  .  .  .  .  .  .  .  .  .  .  .  .  .      36    54.55            7            29
 AGAINST .  .  .  .  .  .  .  .  .  .  .  .      30    45.45            8            22PREC REPORT-GROUP DETAIL                           Stonewall County, Texas                                 Report EL30A Page 0002-04
                                                   Primary Election
                                                   March 4, 2014
Run Date:03/13/14 07:59 AM                         DEMOCRATIC PARTY

0002 PRECINCT #2
                                        TOTAL VOTES     %    EARLY VOTES  ELECTION DAY

A LIVING WAGE FOR ALL TEXANS
VOTE FOR  1
 FOR  .  .  .  .  .  .  .  .  .  .  .  .  .      42    57.53            9            33
 AGAINST .  .  .  .  .  .  .  .  .  .  .  .      31    42.47            8            23


MEDICAID EXPANSION
VOTE FOR  1
 FOR  .  .  .  .  .  .  .  .  .  .  .  .  .      29    41.43            5            24
 AGAINST .  .  .  .  .  .  .  .  .  .  .  .      41    58.57           12            29


ON NON-DISCRIMINATION LEGISLATION
VOTE FOR  1
 FOR  .  .  .  .  .  .  .  .  .  .  .  .  .      31    47.69            7            24
 AGAINST .  .  .  .  .  .  .  .  .  .  .  .      34    52.31            9            25PREC REPORT-GROUP DETAIL                           Stonewall County, Texas                                 Report EL30A Page 0003-01
                                                   Primary Election
                                                   March 4, 2014
Run Date:03/13/14 07:59 AM                         STATISTICS

0003 PRECINCT #3
                                        TOTAL VOTES     %    EARLY VOTES  ELECTION DAY

 REGISTERED VOTERS - TOTAL .  .  .  .  .  .       0
 BALLOTS CAST - TOTAL.  .  .  .  .  .  .  .      83                    29            54
 BALLOTS CAST - DEMOCRATIC PARTY .  .  .  .      83   100.00           29            54
 BALLOTS CAST - REPUBLICAN PARTY .  .  .  .       0                     0             0PREC REPORT-GROUP DETAIL                           Stonewall County, Texas                                 Report EL30A Page 0003-02
                                                   Primary Election
                                                   March 4, 2014
Run Date:03/13/14 07:59 AM                         DEMOCRATIC PARTY

0003 PRECINCT #3
                                        TOTAL VOTES     %    EARLY VOTES  ELECTION DAY

United States Senator
VOTE FOR  1
 Kesha Rogers  .  .  .  .  .  .  .  .  .  .      10    30.30            3             7
 Michael "Fjet" Fjetland.  .  .  .  .  .  .       2     6.06            0             2
 Maxey Marie Scherr  .  .  .  .  .  .  .  .       5    15.15            0             5
 David M. Alameel .  .  .  .  .  .  .  .  .      14    42.42            6             8
 Harry Kim  .  .  .  .  .  .  .  .  .  .  .       2     6.06            1             1


United States Representative, Dist 19
VOTE FOR  1
 Neal Marchbanks  .  .  .  .  .  .  .  .  .      30   100.00            9            21


Governor
VOTE FOR  1
 Reynaldo "Ray" Madrigal.  .  .  .  .  .  .      14    35.90            3            11
 Wendy R. Davis.  .  .  .  .  .  .  .  .  .      25    64.10            8            17


Lieutenant Governor
VOTE FOR  1
 Leticia Van de Putte.  .  .  .  .  .  .  .      32   100.00            9            23


Attorney General
VOTE FOR  1
 Sam Houston.  .  .  .  .  .  .  .  .  .  .      39   100.00           13            26


Comptroller of Public Accounts
VOTE FOR  1
 Mike Collier  .  .  .  .  .  .  .  .  .  .      37   100.00           10            27


Commissioner of the General Land Office
VOTE FOR  1
 John Cook  .  .  .  .  .  .  .  .  .  .  .      38   100.00           11            27


Commissioner of Agriculture
VOTE FOR  1
 Jim Hogan  .  .  .  .  .  .  .  .  .  .  .      21    51.22            7            14
 Richard "Kinky" Friedman  .  .  .  .  .  .      17    41.46            6            11
 Hugh Asa Fitzsimons III.  .  .  .  .  .  .       3     7.32            0             3


Railroad Commissioner
VOTE FOR  1
 Dale Henry .  .  .  .  .  .  .  .  .  .  .      15    35.71            6             9
 Steve Brown.  .  .  .  .  .  .  .  .  .  .      27    64.29            8            19


Chief Justice, Supreme Court
VOTE FOR  1
 William Moody .  .  .  .  .  .  .  .  .  .      37   100.00           11            26PREC REPORT-GROUP DETAIL                           Stonewall County, Texas                                 Report EL30A Page 0003-03
                                                   Primary Election
                                                   March 4, 2014
Run Date:03/13/14 07:59 AM                         DEMOCRATIC PARTY

0003 PRECINCT #3
                                        TOTAL VOTES     %    EARLY VOTES  ELECTION DAY

Justice, Supreme Court, Place 6
VOTE FOR  1
 Lawrence Edward Meyers .  .  .  .  .  .  .      35   100.00           11            24


Justice, Supreme Court, Place 7
VOTE FOR  1
 Gina Benavides.  .  .  .  .  .  .  .  .  .      32   100.00           10            22


Judge, Court of Criminal Appeals, Pl 3
VOTE FOR  1
 John Granberg .  .  .  .  .  .  .  .  .  .      35   100.00           11            24


District Judge, 39th Judicial District
VOTE FOR  1
 Shane Hadaway .  .  .  .  .  .  .  .  .  .      50   100.00           18            32


County Judge
VOTE FOR  1
 Ronnie Moorhead  .  .  .  .  .  .  .  .  .      63   100.00           24            39


District and County Clerk
VOTE FOR  1
 Holly McLaury .  .  .  .  .  .  .  .  .  .      58    70.73           19            39
 Melissa Worthington .  .  .  .  .  .  .  .      24    29.27            9            15


County Treasurer
VOTE FOR  1
 Anya Mullen.  .  .  .  .  .  .  .  .  .  .      73   100.00           25            48


Justice of the Peace
VOTE FOR  1
 Michael Duff English.  .  .  .  .  .  .  .      57   100.00           20            37


County Chairman
VOTE FOR  1
 Patti Walker  .  .  .  .  .  .  .  .  .  .      56   100.00           18            38


ON IMMIGRATION REFORM
VOTE FOR  1
 FOR  .  .  .  .  .  .  .  .  .  .  .  .  .      39    66.10           12            27
 AGAINST .  .  .  .  .  .  .  .  .  .  .  .      20    33.90            5            15


A LIVING WAGE FOR ALL TEXANS
VOTE FOR  1
 FOR  .  .  .  .  .  .  .  .  .  .  .  .  .      43    65.15           12            31
 AGAINST .  .  .  .  .  .  .  .  .  .  .  .      23    34.85            7            16PREC REPORT-GROUP DETAIL                           Stonewall County, Texas                                 Report EL30A Page 0003-04
                                                   Primary Election
                                                   March 4, 2014
Run Date:03/13/14 07:59 AM                         DEMOCRATIC PARTY

0003 PRECINCT #3
                                        TOTAL VOTES     %    EARLY VOTES  ELECTION DAY

MEDICAID EXPANSION
VOTE FOR  1
 FOR  .  .  .  .  .  .  .  .  .  .  .  .  .      36    58.06           10            26
 AGAINST .  .  .  .  .  .  .  .  .  .  .  .      26    41.94            9            17


ON NON-DISCRIMINATION LEGISLATION
VOTE FOR  1
 FOR  .  .  .  .  .  .  .  .  .  .  .  .  .      32    57.14           10            22
 AGAINST .  .  .  .  .  .  .  .  .  .  .  .      24    42.86            7            17PREC REPORT-GROUP DETAIL                           Stonewall County, Texas                                 Report EL30A Page 0004-01
                                                   Primary Election
                                                   March 4, 2014
Run Date:03/13/14 07:59 AM                         STATISTICS

0004 PRECINCT #4
                                        TOTAL VOTES     %    EARLY VOTES  ELECTION DAY

 REGISTERED VOTERS - TOTAL .  .  .  .  .  .       0
 BALLOTS CAST - TOTAL.  .  .  .  .  .  .  .      93                    33            60
 BALLOTS CAST - DEMOCRATIC PARTY .  .  .  .      93   100.00           33            60
 BALLOTS CAST - REPUBLICAN PARTY .  .  .  .       0                     0             0PREC REPORT-GROUP DETAIL                           Stonewall County, Texas                                 Report EL30A Page 0004-02
                                                   Primary Election
                                                   March 4, 2014
Run Date:03/13/14 07:59 AM                         DEMOCRATIC PARTY

0004 PRECINCT #4
                                        TOTAL VOTES     %    EARLY VOTES  ELECTION DAY

United States Senator
VOTE FOR  1
 Kesha Rogers  .  .  .  .  .  .  .  .  .  .      13    26.53            5             8
 Michael "Fjet" Fjetland.  .  .  .  .  .  .       5    10.20            1             4
 Maxey Marie Scherr  .  .  .  .  .  .  .  .       9    18.37            1             8
 David M. Alameel .  .  .  .  .  .  .  .  .      13    26.53            5             8
 Harry Kim  .  .  .  .  .  .  .  .  .  .  .       9    18.37            4             5


United States Representative, Dist 19
VOTE FOR  1
 Neal Marchbanks  .  .  .  .  .  .  .  .  .      41   100.00           14            27


Governor
VOTE FOR  1
 Reynaldo "Ray" Madrigal.  .  .  .  .  .  .      27    39.71           16            11
 Wendy R. Davis.  .  .  .  .  .  .  .  .  .      41    60.29            8            33


Lieutenant Governor
VOTE FOR  1
 Leticia Van de Putte.  .  .  .  .  .  .  .      41   100.00           15            26


Attorney General
VOTE FOR  1
 Sam Houston.  .  .  .  .  .  .  .  .  .  .      46   100.00           16            30


Comptroller of Public Accounts
VOTE FOR  1
 Mike Collier  .  .  .  .  .  .  .  .  .  .      46   100.00           16            30


Commissioner of the General Land Office
VOTE FOR  1
 John Cook  .  .  .  .  .  .  .  .  .  .  .      47   100.00           16            31


Commissioner of Agriculture
VOTE FOR  1
 Jim Hogan  .  .  .  .  .  .  .  .  .  .  .      38    67.86           10            28
 Richard "Kinky" Friedman  .  .  .  .  .  .      16    28.57            7             9
 Hugh Asa Fitzsimons III.  .  .  .  .  .  .       2     3.57            1             1


Railroad Commissioner
VOTE FOR  1
 Dale Henry .  .  .  .  .  .  .  .  .  .  .      16    34.78            5            11
 Steve Brown.  .  .  .  .  .  .  .  .  .  .      30    65.22            8            22


Chief Justice, Supreme Court
VOTE FOR  1
 William Moody .  .  .  .  .  .  .  .  .  .      45   100.00           14            31PREC REPORT-GROUP DETAIL                           Stonewall County, Texas                                 Report EL30A Page 0004-03
                                                   Primary Election
                                                   March 4, 2014
Run Date:03/13/14 07:59 AM                         DEMOCRATIC PARTY

0004 PRECINCT #4
                                        TOTAL VOTES     %    EARLY VOTES  ELECTION DAY

Justice, Supreme Court, Place 6
VOTE FOR  1
 Lawrence Edward Meyers .  .  .  .  .  .  .      43   100.00           14            29


Justice, Supreme Court, Place 7
VOTE FOR  1
 Gina Benavides.  .  .  .  .  .  .  .  .  .      45   100.00           14            31


Judge, Court of Criminal Appeals, Pl 3
VOTE FOR  1
 John Granberg .  .  .  .  .  .  .  .  .  .      46   100.00           14            32


District Judge, 39th Judicial District
VOTE FOR  1
 Shane Hadaway .  .  .  .  .  .  .  .  .  .      61   100.00           19            42


County Judge
VOTE FOR  1
 Ronnie Moorhead  .  .  .  .  .  .  .  .  .      80   100.00           26            54


District and County Clerk
VOTE FOR  1
 Holly McLaury .  .  .  .  .  .  .  .  .  .      57    61.29           21            36
 Melissa Worthington .  .  .  .  .  .  .  .      36    38.71           12            24


County Treasurer
VOTE FOR  1
 Anya Mullen.  .  .  .  .  .  .  .  .  .  .      82   100.00           28            54


County Commissioner, Precinct No. 4
VOTE FOR  1
 Gary G. Myers .  .  .  .  .  .  .  .  .  .      78   100.00           25            53


Justice of the Peace
VOTE FOR  1
 Michael Duff English.  .  .  .  .  .  .  .      72   100.00           24            48


County Chairman
VOTE FOR  1
 Patti Walker  .  .  .  .  .  .  .  .  .  .      75   100.00           22            53


ON IMMIGRATION REFORM
VOTE FOR  1
 FOR  .  .  .  .  .  .  .  .  .  .  .  .  .      49    70.00           12            37
 AGAINST .  .  .  .  .  .  .  .  .  .  .  .      21    30.00           11            10PREC REPORT-GROUP DETAIL                           Stonewall County, Texas                                 Report EL30A Page 0004-04
                                                   Primary Election
                                                   March 4, 2014
Run Date:03/13/14 07:59 AM                         DEMOCRATIC PARTY

0004 PRECINCT #4
                                        TOTAL VOTES     %    EARLY VOTES  ELECTION DAY

A LIVING WAGE FOR ALL TEXANS
VOTE FOR  1
 FOR  .  .  .  .  .  .  .  .  .  .  .  .  .      46    60.53           14            32
 AGAINST .  .  .  .  .  .  .  .  .  .  .  .      30    39.47           11            19


MEDICAID EXPANSION
VOTE FOR  1
 FOR  .  .  .  .  .  .  .  .  .  .  .  .  .      45    60.81           14            31
 AGAINST .  .  .  .  .  .  .  .  .  .  .  .      29    39.19           11            18


ON NON-DISCRIMINATION LEGISLATION
VOTE FOR  1
 FOR  .  .  .  .  .  .  .  .  .  .  .  .  .      37    53.62           11            26
 AGAINST .  .  .  .  .  .  .  .  .  .  .  .      32    46.38           12            20
E