E&l2a0o7c067F(s0p16.66h3b6T&a00L
SUMMARY REPT-GROUP DETAIL                          Clay County, Texas                                       Report EL45A    Page 001
                                                   Primary Election
                                                   March 4, 2014
Run Date:02/04/14 02:38 PM                         STATISTICS

                                        TOTAL VOTES     %         GROUP-1       GROUP-2

 PRECINCTS COUNTED (OF 16) .  .  .  .  .          0
 REGISTERED VOTERS - TOTAL .  .  .  .  .          0
 BALLOTS CAST - TOTAL.  .  .  .  .  .  .          0                     0             0
 BALLOTS CAST - REPUBLICAN PARTY .  .  .          0                     0             0
 BALLOTS CAST - DEMOCRATIC PARTY .  .  .          0                     0             0SUMMARY REPT-GROUP DETAIL                          Clay County, Texas                                       Report EL45A    Page 002
                                                   Primary Election
                                                   March 4, 2014
Run Date:02/04/14 02:38 PM                         REPUBLICAN PARTY

                                        TOTAL VOTES     %         GROUP-1       GROUP-2

United States Senator
VOTE FOR  1
 Dwayne Stovall.  .  .  .  .  .  .  .  .          0                     0             0
 Reid Reasor.  .  .  .  .  .  .  .  .  .          0                     0             0
 Curt Cleaver  .  .  .  .  .  .  .  .  .          0                     0             0
 Linda Vega .  .  .  .  .  .  .  .  .  .          0                     0             0
 John Cornyn.  .  .  .  .  .  .  .  .  .          0                     0             0
 Ken Cope.  .  .  .  .  .  .  .  .  .  .          0                     0             0
 Chris Mapp .  .  .  .  .  .  .  .  .  .          0                     0             0
 Steve Stockman.  .  .  .  .  .  .  .  .          0                     0             0


United States Representative, Dist 13
VOTE FOR  1
 Mac Thornberry.  .  .  .  .  .  .  .  .          0                     0             0
 Pam Barlow .  .  .  .  .  .  .  .  .  .          0                     0             0
 Elaine Hays.  .  .  .  .  .  .  .  .  .          0                     0             0


Governor
VOTE FOR  1
 Lisa Fritsch  .  .  .  .  .  .  .  .  .          0                     0             0
 Greg Abbott.  .  .  .  .  .  .  .  .  .          0                     0             0
 Miriam Martinez  .  .  .  .  .  .  .  .          0                     0             0
 SECEDE Kilgore.  .  .  .  .  .  .  .  .          0                     0             0


Lieutenant Governor
VOTE FOR  1
 Todd Staples  .  .  .  .  .  .  .  .  .          0                     0             0
 Dan Patrick.  .  .  .  .  .  .  .  .  .          0                     0             0
 Jerry Patterson  .  .  .  .  .  .  .  .          0                     0             0
 David Dewhurst.  .  .  .  .  .  .  .  .          0                     0             0


Attorney General
VOTE FOR  1
 Barry Smitherman .  .  .  .  .  .  .  .          0                     0             0
 Ken Paxton .  .  .  .  .  .  .  .  .  .          0                     0             0
 Dan Branch .  .  .  .  .  .  .  .  .  .          0                     0             0


Comptroller of Public Accounts
VOTE FOR  1
 Glenn Hegar.  .  .  .  .  .  .  .  .  .          0                     0             0
 Debra Medina  .  .  .  .  .  .  .  .  .          0                     0             0
 Raul Torres.  .  .  .  .  .  .  .  .  .          0                     0             0
 Harvey Hilderbran.  .  .  .  .  .  .  .          0                     0             0


Commissioner of the General Land Office
VOTE FOR  1
 David Watts.  .  .  .  .  .  .  .  .  .          0                     0             0
 George P. Bush.  .  .  .  .  .  .  .  .          0                     0             0SUMMARY REPT-GROUP DETAIL                          Clay County, Texas                                       Report EL45A    Page 003
                                                   Primary Election
                                                   March 4, 2014
Run Date:02/04/14 02:38 PM                         REPUBLICAN PARTY

                                        TOTAL VOTES     %         GROUP-1       GROUP-2

Commissioner of Agriculture
VOTE FOR  1
 Tommy Merritt .  .  .  .  .  .  .  .  .          0                     0             0
 Sid Miller .  .  .  .  .  .  .  .  .  .          0                     0             0
 J. Allen Carnes  .  .  .  .  .  .  .  .          0                     0             0
 Eric Opiela.  .  .  .  .  .  .  .  .  .          0                     0             0
 Joe Cotten .  .  .  .  .  .  .  .  .  .          0                     0             0


Railroad Commissioner
VOTE FOR  1
 Ryan Sitton.  .  .  .  .  .  .  .  .  .          0                     0             0
 Malachi Boyuls.  .  .  .  .  .  .  .  .          0                     0             0
 Becky Berger  .  .  .  .  .  .  .  .  .          0                     0             0
 Wayne Christian  .  .  .  .  .  .  .  .          0                     0             0


Chief Justice, Supreme Court
VOTE FOR  1
 Robert Talton .  .  .  .  .  .  .  .  .          0                     0             0
 Nathan Hecht  .  .  .  .  .  .  .  .  .          0                     0             0


Supreme Court, Place 6, Unexpired Term
VOTE FOR  1
 Joe Pool.  .  .  .  .  .  .  .  .  .  .          0                     0             0
 Jeff Brown .  .  .  .  .  .  .  .  .  .          0                     0             0


Justice, Supreme Court, Place 7
VOTE FOR  1
 Jeff Boyd  .  .  .  .  .  .  .  .  .  .          0                     0             0


Justice, Supreme Court, Place 8
VOTE FOR  1
 Sharon McCally.  .  .  .  .  .  .  .  .          0                     0             0
 Phil Johnson  .  .  .  .  .  .  .  .  .          0                     0             0


Judge, Court of Criminal Appeals, Pl 3
VOTE FOR  1
 Barbara Walther  .  .  .  .  .  .  .  .          0                     0             0
 Bert Richardson  .  .  .  .  .  .  .  .          0                     0             0


Judge, Court of Criminal Appeals, Pl 4
VOTE FOR  1
 Richard Dean Davis  .  .  .  .  .  .  .          0                     0             0
 Kevin Patrick Yeary .  .  .  .  .  .  .          0                     0             0
 Jani Jo Wood  .  .  .  .  .  .  .  .  .          0                     0             0SUMMARY REPT-GROUP DETAIL                          Clay County, Texas                                       Report EL45A    Page 004
                                                   Primary Election
                                                   March 4, 2014
Run Date:02/04/14 02:38 PM                         REPUBLICAN PARTY

                                        TOTAL VOTES     %         GROUP-1       GROUP-2

Judge, Court of Criminal Appeals, Pl 9
VOTE FOR  1
 W.C. "Bud" Kirkendall  .  .  .  .  .  .          0                     0             0
 David Newell  .  .  .  .  .  .  .  .  .          0                     0             0


State Senator, District 30
VOTE FOR  1
 Craig Estes.  .  .  .  .  .  .  .  .  .          0                     0             0


State Representative, District 69
VOTE FOR  1
 James Frank.  .  .  .  .  .  .  .  .  .          0                     0             0


2nd Court of Appeals District, Place 2
VOTE FOR  1
 Bill Meier .  .  .  .  .  .  .  .  .  .          0                     0             0


2nd Court of Appeals District, Place 7
VOTE FOR  1
 Lee Gabriel.  .  .  .  .  .  .  .  .  .          0                     0             0


County Judge
VOTE FOR  1
 A.J. Peek  .  .  .  .  .  .  .  .  .  .          0                     0             0
 Kenneth Liggett  .  .  .  .  .  .  .  .          0                     0             0


District Clerk
VOTE FOR  1
 Dan Slagle .  .  .  .  .  .  .  .  .  .          0                     0             0


County Clerk
VOTE FOR  1
 Sasha Kelton  .  .  .  .  .  .  .  .  .          0                     0             0


County Treasurer
VOTE FOR  1
 Debra D. Alexander  .  .  .  .  .  .  .          0                     0             0


County Commissioner, Precinct No. 2
VOTE FOR  1
 Van D. Blevins.  .  .  .  .  .  .  .  .          0                     0             0
 Johnny Gee .  .  .  .  .  .  .  .  .  .          0                     0             0SUMMARY REPT-GROUP DETAIL                          Clay County, Texas                                       Report EL45A    Page 005
                                                   Primary Election
                                                   March 4, 2014
Run Date:02/04/14 02:38 PM                         REPUBLICAN PARTY

                                        TOTAL VOTES     %         GROUP-1       GROUP-2

County Commissioner, Precinct No. 4
VOTE FOR  1
 Richard Keen  .  .  .  .  .  .  .  .  .          0                     0             0
 Scott Graham  .  .  .  .  .  .  .  .  .          0                     0             0


Justice of the Peace
VOTE FOR  1
 John Swenson  .  .  .  .  .  .  .  .  .          0                     0             0


County Chairman
VOTE FOR  1
 Chris Riordan .  .  .  .  .  .  .  .  .          0                     0             0SUMMARY REPT-GROUP DETAIL                          Clay County, Texas                                       Report EL45A    Page 006
                                                   Primary Election
                                                   March 4, 2014
Run Date:02/04/14 02:38 PM                         DEMOCRATIC PARTY

                                        TOTAL VOTES     %         GROUP-1       GROUP-2

United States Senator
VOTE FOR  1
 Michael "Fjet" Fjetland.  .  .  .  .  .          0                     0             0
 Maxey Marie Scherr  .  .  .  .  .  .  .          0                     0             0
 Harry Kim  .  .  .  .  .  .  .  .  .  .          0                     0             0
 David M. Alameel .  .  .  .  .  .  .  .          0                     0             0
 Kesha Rogers  .  .  .  .  .  .  .  .  .          0                     0             0


United States Representative, Dist 13
VOTE FOR  1
 Mike Minter.  .  .  .  .  .  .  .  .  .          0                     0             0


Governor
VOTE FOR  1
 Reynaldo "Ray" Madrigal.  .  .  .  .  .          0                     0             0
 Wendy R. Davis.  .  .  .  .  .  .  .  .          0                     0             0


Lieutenant Governor
VOTE FOR  1
 Leticia Van de Putte.  .  .  .  .  .  .          0                     0             0


Attorney General
VOTE FOR  1
 Sam Houston.  .  .  .  .  .  .  .  .  .          0                     0             0


Comptroller of Public Accounts
VOTE FOR  1
 Mike Collier  .  .  .  .  .  .  .  .  .          0                     0             0


Commissioner of the General Land Office
VOTE FOR  1
 John Cook  .  .  .  .  .  .  .  .  .  .          0                     0             0


Commissioner of Agriculture
VOTE FOR  1
 Jim Hogan  .  .  .  .  .  .  .  .  .  .          0                     0             0
 Richard "Kinky" Friedman  .  .  .  .  .          0                     0             0
 Hugh Asa Fitzsimons III.  .  .  .  .  .          0                     0             0


Railroad Commissioner
VOTE FOR  1
 Steve Brown.  .  .  .  .  .  .  .  .  .          0                     0             0
 Dale Henry .  .  .  .  .  .  .  .  .  .          0                     0             0


Chief Justice, Supreme Court
VOTE FOR  1
 William Moody .  .  .  .  .  .  .  .  .          0                     0             0SUMMARY REPT-GROUP DETAIL                          Clay County, Texas                                       Report EL45A    Page 007
                                                   Primary Election
                                                   March 4, 2014
Run Date:02/04/14 02:38 PM                         DEMOCRATIC PARTY

                                        TOTAL VOTES     %         GROUP-1       GROUP-2

Supreme Court, Place 6, Unexpired Term
VOTE FOR  1
 Lawrence Edward Meyers .  .  .  .  .  .          0                     0             0


Justice, Supreme Court, Place 7
VOTE FOR  1
 Gina Benavides.  .  .  .  .  .  .  .  .          0                     0             0


Judge, Court of Criminal Appeals, Pl 3
VOTE FOR  1
 John Granberg .  .  .  .  .  .  .  .  .          0                     0             0


County Chairman
VOTE FOR  1
 Carol Ann Hale.  .  .  .  .  .  .  .  .          0                     0             0SUMMARY REPT-GROUP DETAIL                          Clay County, Texas                                       Report EL45A    Page 008
                                                   Primary Election
                                                   March 4, 2014
Run Date:02/04/14 02:38 PM                         REPUBLICAN PARTY

                                        TOTAL VOTES     %         GROUP-1       GROUP-2

RELIGIOUS FREEDOM
VOTE FOR  1
 YES  .  .  .  .  .  .  .  .  .  .  .  .          0                     0             0
 NO.  .  .  .  .  .  .  .  .  .  .  .  .          0                     0             0


SECOND AMENDMENT
VOTE FOR  1
 YES  .  .  .  .  .  .  .  .  .  .  .  .          0                     0             0
 NO.  .  .  .  .  .  .  .  .  .  .  .  .          0                     0             0


FRANCHISE TAX
VOTE FOR  1
 YES  .  .  .  .  .  .  .  .  .  .  .  .          0                     0             0
 NO.  .  .  .  .  .  .  .  .  .  .  .  .          0                     0             0


WELFARE REFORM
VOTE FOR  1
 YES  .  .  .  .  .  .  .  .  .  .  .  .          0                     0             0
 NO.  .  .  .  .  .  .  .  .  .  .  .  .          0                     0             0


NO LAWMAKERS EXCEPTIONS
VOTE FOR  1
 YES  .  .  .  .  .  .  .  .  .  .  .  .          0                     0             0
 NO.  .  .  .  .  .  .  .  .  .  .  .  .          0                     0             0


OBAMACARE
VOTE FOR  1
 YES  .  .  .  .  .  .  .  .  .  .  .  .          0                     0             0
 NO.  .  .  .  .  .  .  .  .  .  .  .  .          0                     0             0SUMMARY REPT-GROUP DETAIL                          Clay County, Texas                                       Report EL45A    Page 009
                                                   Primary Election
                                                   March 4, 2014
Run Date:02/04/14 02:38 PM                         DEMOCRATIC PARTY

                                        TOTAL VOTES     %         GROUP-1       GROUP-2

ON IMMIGRATION REFORM
VOTE FOR  1
 FOR  .  .  .  .  .  .  .  .  .  .  .  .          0                     0             0
 AGAINST .  .  .  .  .  .  .  .  .  .  .          0                     0             0


A LIVING WAGE FOR ALL TEXANS
VOTE FOR  1
 FOR  .  .  .  .  .  .  .  .  .  .  .  .          0                     0             0
 AGAINST .  .  .  .  .  .  .  .  .  .  .          0                     0             0


MEDICAID EXPANSION
VOTE FOR  1
 FOR  .  .  .  .  .  .  .  .  .  .  .  .          0                     0             0
 AGAINST .  .  .  .  .  .  .  .  .  .  .          0                     0             0


ON NON-DISCRIMINATION LEGISLATION
VOTE FOR  1
 FOR  .  .  .  .  .  .  .  .  .  .  .  .          0                     0             0
 AGAINST .  .  .  .  .  .  .  .  .  .  .          0                     0             0
E